// Vitest Snapshot v1, https://vitest.dev/guide/snapshot.html

exports[`fixtures > fibonacci 1`] = `"55"`;
